../Core/Src/main.c:115:5:main	152	static
../Core/Src/main.c:262:6:SystemClock_Config	96	static
../Core/Src/main.c:313:13:MX_I2C2_Init	8	static
../Core/Src/main.c:361:13:MX_QUADSPI_Init	8	static
../Core/Src/main.c:394:13:MX_USART1_UART_Init	8	static
../Core/Src/main.c:429:13:MX_GPIO_Init	40	static
../Core/Src/main.c:482:6:StartReadSensorTask	16	static
../Core/Src/main.c:509:6:StartUARTTransmitter	16	static
../Core/Src/main.c:536:6:StartButton_Sensor	24	static
../Core/Src/main.c:581:6:HAL_TIM_PeriodElapsedCallback	16	static
../Core/Src/main.c:598:6:Error_Handler	8	static,ignoring_inline_asm
