../Core/Src/main.c:139:5:main	184	static
../Core/Src/main.c:325:6:SystemClock_Config	96	static
../Core/Src/main.c:376:13:MX_I2C2_Init	8	static
../Core/Src/main.c:424:13:MX_QUADSPI_Init	8	static
../Core/Src/main.c:457:13:MX_USART1_UART_Init	8	static
../Core/Src/main.c:492:13:MX_GPIO_Init	40	static
../Core/Src/main.c:545:6:ReadSensorVals	16	static
../Core/Src/main.c:594:6:StartUARTTransmitter	16	static
../Core/Src/main.c:617:6:StartButton_Sensor	24	static
../Core/Src/main.c:658:6:SaveSensorDataToFlash	24	static
../Core/Src/main.c:711:6:HAL_TIM_PeriodElapsedCallback	16	static
../Core/Src/main.c:728:6:Error_Handler	8	static,ignoring_inline_asm
